HEllo !! hi
Welcome!
Bye 
Joanna
-------------------------------------
Microsoft Windows [Version 10.0.19045.5371]
(c) Microsoft Corporation. All rights reserved.

C:\Users\admin>git config --global --list
user.name=Jayanthi285
user.email=jayanthi.26csa@licet.ac.in

C:\Users\admin>git config --global --unset user.name

C:\Users\admin>git config --global --unset user.email

C:\Users\admin>git config --global --list

C:\Users\admin>git config --global user.name "sneka-muralikrishnan"

C:\Users\admin>git config --global user.email "mgsneka@gmail.com"

C:\Users\admin>git config --global --list
user.name=sneka-muralikrishnan
user.email=mgsneka@gmail.com

C:\Users\admin>mkdir demo

C:\Users\admin>cd demo

C:\Users\admin\demo>notepad first.txt
'notepad' is not recognized as an internal or external command,
operable program or batch file.

C:\Users\admin\demo>notepad test.txt
'notepad' is not recognized as an internal or external command,
operable program or batch file.

C:\Users\admin\demo>notepad++ test,txt
'notepad++' is not recognized as an internal or external command,
operable program or batch file.

C:\Users\admin\demo>notepad++ test.txt
'notepad++' is not recognized as an internal or external command,
operable program or batch file.

C:\Users\admin\demo>notepad first.txt
'notepad' is not recognized as an internal or external command,
operable program or batch file.

C:\Users\admin\demo>notepad first.txt
'notepad' is not recognized as an internal or external command,
operable program or batch file.

C:\Users\admin\demo>notepad first.txt
'notepad' is not recognized as an internal or external command,
operable program or batch file.

C:\Users\admin\demo>git status
fatal: not a git repository (or any of the parent directories): .git

C:\Users\admin\demo>git init
Initialized empty Git repository in C:/Users/admin/demo/.git/

C:\Users\admin\demo>git status
On branch master

No commits yet

Untracked files:
  (use "git add <file>..." to include in what will be committed)
        first.txt.txt

nothing added to commit but untracked files present (use "git add" to track)

C:\Users\admin\demo>git add first.txt
fatal: pathspec 'first.txt' did not match any files

C:\Users\admin\demo>git add first.txt
fatal: pathspec 'first.txt' did not match any files

C:\Users\admin\demo>git add first.txt.txt

C:\Users\admin\demo>git add first.txt

C:\Users\admin\demo>git status
On branch master

No commits yet

Changes to be committed:
  (use "git rm --cached <file>..." to unstage)
        new file:   first.txt
        new file:   first.txt.txt

Changes not staged for commit:
  (use "git add/rm <file>..." to update what will be committed)
  (use "git restore <file>..." to discard changes in working directory)
        deleted:    first.txt.txt


C:\Users\admin\demo>git commit -m "Issue - 1"
[master (root-commit) acfbebb] Issue - 1
 2 files changed, 2 insertions(+)
 create mode 100644 first.txt
 create mode 100644 first.txt.txt

C:\Users\admin\demo>git diff
diff --git a/first.txt b/first.txt
index 32e42d0..b24f06b 100644
--- a/first.txt
+++ b/first.txt
@@ -1 +1,4 @@
-HEllo !! hi
\ No newline at end of file
+HEllo !! hi
+Welcome!
+Bye
+Joanna
\ No newline at end of file
diff --git a/first.txt.txt b/first.txt.txt
deleted file mode 100644
index 32e42d0..0000000
--- a/first.txt.txt
+++ /dev/null
@@ -1 +0,0 @@
-HEllo !! hi
\ No newline at end of file

C:\Users\admin\demo>git commit -m "Issue - 2"
On branch master
Changes not staged for commit:
  (use "git add/rm <file>..." to update what will be committed)
  (use "git restore <file>..." to discard changes in working directory)
        modified:   first.txt
        deleted:    first.txt.txt

no changes added to commit (use "git add" and/or "git commit -a")

C:\Users\admin\demo>git log
commit acfbebb916ef4944c94183ecb51099ce9a78a98d (HEAD -> master)
Author: sneka-muralikrishnan <mgsneka@gmail.com>
Date:   Mon Jan 27 14:04:36 2025 +0530

    Issue - 1

C:\Users\admin\demo>git diff
diff --git a/first.txt b/first.txt
index 32e42d0..b24f06b 100644
--- a/first.txt
+++ b/first.txt
@@ -1 +1,4 @@
-HEllo !! hi
\ No newline at end of file
+HEllo !! hi
+Welcome!
+Bye
+Joanna
\ No newline at end of file
diff --git a/first.txt.txt b/first.txt.txt
deleted file mode 100644
index 32e42d0..0000000
--- a/first.txt.txt
+++ /dev/null
@@ -1 +0,0 @@
-HEllo !! hi
\ No newline at end of file

C:\Users\admin\demo>git commit -a -m "Issue - 2"
[master a972a6f] Issue - 2
 2 files changed, 4 insertions(+), 2 deletions(-)
 delete mode 100644 first.txt.txt

C:\Users\admin\demo>git diff

C:\Users\admin\demo>git log
commit a972a6ffc08d188323bfb7f4281b4f0f0d552c00 (HEAD -> master)
Author: sneka-muralikrishnan <mgsneka@gmail.com>
Date:   Mon Jan 27 14:06:52 2025 +0530

    Issue - 2

commit acfbebb916ef4944c94183ecb51099ce9a78a98d
Author: sneka-muralikrishnan <mgsneka@gmail.com>
Date:   Mon Jan 27 14:04:36 2025 +0530

    Issue - 1

C:\Users\admin\demo>git remote add origin https://github.com/sneka-muralikrishnan/DevOpsDemo.git

C:\Users\admin\demo>git push origin master
info: please complete authentication in your browser...
Enumerating objects: 6, done.
Counting objects: 100% (6/6), done.
Delta compression using up to 4 threads
Compressing objects: 100% (3/3), done.
Writing objects: 100% (6/6), 478 bytes | 239.00 KiB/s, done.
Total 6 (delta 0), reused 0 (delta 0), pack-reused 0 (from 0)
To https://github.com/sneka-muralikrishnan/DevOpsDemo.git
 * [new branch]      master -> master
C:\Users\I11-05\DevOpsDemo>git status
On branch main
nothing to commit, working tree clean

C:\Users\I11-05\DevOpsDemo>git remote add origin https://github.com/sneka-muralikrishnan/DevOpsDemo.git

C:\Users\I11-05\DevOpsDemo>git remote add -v
error: unknown switch `v'
usage: git remote add [<options>] <name> <url>

    -f, --[no-]fetch      fetch the remote branches
    --[no-]tags           import all tags and associated objects when fetching
                          or do not fetch any tag at all (--no-tags)
    -t, --[no-]track <branch>
                          branch(es) to track
    -m, --[no-]master <branch>
                          master branch
    --[no-]mirror[=(push|fetch)]
                          set up remote as a mirror to push to or fetch from


C:\Users\I11-05\DevOpsDemo>git remote -v
origin  https://github.com/sneka-muralikrishnan/DevOpsDemo.git (fetch)
origin  https://github.com/sneka-muralikrishnan/DevOpsDemo.git (push)

C:\Users\I11-05\DevOpsDemo>notepad first.txt

C:\Users\I11-05\DevOpsDemo>git remote add demo https://github.com/sneka-muralikrishnan/DevOpsDemo.git

C:\Users\I11-05\DevOpsDemo>git remote -v
demo    https://github.com/sneka-muralikrishnan/DevOpsDemo.git (fetch)
demo    https://github.com/sneka-muralikrishnan/DevOpsDemo.git (push)
origin  https://github.com/sneka-muralikrishnan/DevOpsDemo.git (fetch)
origin  https://github.com/sneka-muralikrishnan/DevOpsDemo.git (push)